Microchip Technology Inc, v2.10 (B)

Tool Name:
  c:\program files\microchip\xc16\v2.10\bin\bin\..\bin/elf-ld.exe

Command:
  -p24FJ128GA010 \
  --mdfp=C:/Users/vofy/.mchp_packs/Microchip/PIC24F-GA-GB_DFP/1.10.375/xc16 \
  -o \
  dist/default/production/PicTime.X.production.elf \
  -Lc:/program files/microchip/xc16/v2.10/bin/bin/.. \
  -LC:/Users/vofy/.mchp_packs/Microchip/PIC24F-GA-GB_DFP/1.10.375/xc16/bin/../support/PIC24F/gld \
  -Lc:/program files/microchip/xc16/v2.10/bin/bin/../../lib \
  -Lc:/program files/microchip/xc16/v2.10/bin/bin/../../support/PIC24E/gld \
  -Lc:/program files/microchip/xc16/v2.10/bin/bin/../../support/PIC24F/gld \
  -Lc:/program files/microchip/xc16/v2.10/bin/bin/../../support/PIC24H/gld \
  -Lc:/program files/microchip/xc16/v2.10/bin/bin/../../support/dsPIC30F/gld \
  -Lc:/program files/microchip/xc16/v2.10/bin/bin/../../support/dsPIC33C/gld \
  -Lc:/program files/microchip/xc16/v2.10/bin/bin/../../support/dsPIC33E/gld \
  -Lc:/program files/microchip/xc16/v2.10/bin/bin/../../support/dsPIC33F/gld \
  build/default/production/main.o \
  build/default/production/adc.o \
  build/default/production/lcd.o \
  build/default/production/rtcc.o \
  build/default/production/menu.o \
  --defsym=__MPLAB_BUILD=1 \
  -Tp24FJ128GA010.gld.00 \
  --stack=16 \
  --check-sections \
  --data-init \
  --pack-data \
  --handles \
  --isr \
  --no-gc-sections \
  --fill-upper=0 \
  --stackguard=16 \
  --no-force-link \
  --smart-io \
  -Map=dist/default/production/PicTime.X.production.map \
  --report-mem \
  --memorysummary \
  dist/default/production/memoryfile.xml \
  -start-group \
  --library=c99-pic30-elf \
  --library=m-elf \
  --library=c99-elf \
  -end-group \


Optional library libpPIC24Fxxx.a not found
Archive member included because of file (symbol)

c:/program files/microchip/xc16/v2.10/bin/bin/../../lib\libc99-pic30-elf.a(crt0_standard.o)
                              (__resetPRI)
c:/program files/microchip/xc16/v2.10/bin/bin/../../lib\libc99-pic30-elf.a(data_init_standard.o)
                              c:/program files/microchip/xc16/v2.10/bin/bin/../../lib\libc99-pic30-elf.a(crt0_standard.o) (__data_init_standard)
c:/program files/microchip/xc16/v2.10/bin/bin/../../lib\libc99-pic30-elf.a(crt_start_mode_normal.Meo)
                              (__crt_start_mode_normal)
c:/program files/microchip/xc16/v2.10/bin/bin/../../lib\libc99-pic30-elf.a(delay32.Meo)
                              build/default/production/lcd.o (___delay32)
c:/program files/microchip/xc16/v2.10/bin/bin/../../lib\libc99-elf.a(atoi.XX_o)
                              build/default/production/rtcc.o (_atoi)
c:/program files/microchip/xc16/v2.10/bin/bin/../../lib\libc99-elf.a(localtime.XX_o)
                              build/default/production/rtcc.o (_localtime)
c:/program files/microchip/xc16/v2.10/bin/bin/../../lib\libc99-elf.a(memcpy.XX_o)
                              build/default/production/main.o (_memcpy)
c:/program files/microchip/xc16/v2.10/bin/bin/../../lib\libc99-elf.a(mktime.XX_o)
                              build/default/production/rtcc.o (_mktime)
c:/program files/microchip/xc16/v2.10/bin/bin/../../lib\libc99-elf.a(sprintf.XX_o)
                              build/default/production/main.o (_sprintf)
c:/program files/microchip/xc16/v2.10/bin/bin/../../lib\libc99-elf.a(strftime.XX_o)
                              build/default/production/rtcc.o (_strftime)
c:/program files/microchip/xc16/v2.10/bin/bin/../../lib\libc99-elf.a(strlen.XX_o)
                              c:/program files/microchip/xc16/v2.10/bin/bin/../../lib\libc99-elf.a(strftime.XX_o) (_strlen)
c:/program files/microchip/xc16/v2.10/bin/bin/../../lib\libc99-elf.a(strtol.XX_o)
                              c:/program files/microchip/xc16/v2.10/bin/bin/../../lib\libc99-elf.a(strftime.XX_o) (_strtoul)
c:/program files/microchip/xc16/v2.10/bin/bin/../../lib\libc99-elf.a(vsprintf.XX_o)
                              c:/program files/microchip/xc16/v2.10/bin/bin/../../lib\libc99-elf.a(sprintf.XX_o) (_vsprintf)
c:/program files/microchip/xc16/v2.10/bin/bin/../../lib\libc99-elf.a(__errno_location.XX_o)
                              c:/program files/microchip/xc16/v2.10/bin/bin/../../lib\libc99-elf.a(mktime.XX_o) (___errno_val)
c:/program files/microchip/xc16/v2.10/bin/bin/../../lib\libc99-elf.a(__secs_to_tm.XX_o)
                              c:/program files/microchip/xc16/v2.10/bin/bin/../../lib\libc99-elf.a(mktime.XX_o) (___secs_to_tm)
c:/program files/microchip/xc16/v2.10/bin/bin/../../lib\libc99-elf.a(__tm_to_secs.XX_o)
                              c:/program files/microchip/xc16/v2.10/bin/bin/../../lib\libc99-elf.a(mktime.XX_o) (___tm_to_secs)
c:/program files/microchip/xc16/v2.10/bin/bin/../../lib\libc99-elf.a(__tz.XX_o)
                              c:/program files/microchip/xc16/v2.10/bin/bin/../../lib\libc99-elf.a(strftime.XX_o) (___tm_to_tzname)
[...]
Memory Configuration

Name             Origin             Length             Attributes
data             0x000800           0x002000           a !xr
reset            0x000000           0x000004  
ivt              0x000004           0x0000fc  
_reserved        0x000100           0x000004  
aivt             0x000104           0x0000fc  
program          0x000200           0x0155fc           xr
CONFIG2          0x0157fc           0x000002  
CONFIG1          0x0157fe           0x000002  
*default*        0x000000           0xffffffff  

Linker script and memory map

LOAD build/default/production/main.o
LOAD build/default/production/adc.o
LOAD build/default/production/lcd.o
LOAD build/default/production/rtcc.o
LOAD build/default/production/menu.o
                    0x0001                  __MPLAB_BUILD = 0x1
LOAD pPIC24Fxxx
LOAD c:/program files/microchip/xc16/v2.10/bin/bin/../../lib\libfx-elf.a
                    0x157fc                  __CONFIG2 = 0x157fc
                    0x157fe                  __CONFIG1 = 0x157fe
                    0x0200                  __CODE_BASE = 0x200
                    0x155fc                  __CODE_LENGTH = 0x155fc
                    0x0004                  __IVT_BASE = 0x4
                    0x0104                  __AIVT_BASE = 0x104
                    0x0800                  __DATA_BASE = 0x800
                    0x2000                  __DATA_LENGTH = 0x2000

.reset            0x000000          0x4
                  0x000000          0x2 SHORT 0x200 ABSOLUTE (__reset)
                  0x000001          0x2 SHORT 0x4
                  0x000002          0x2 SHORT 0x0 ((ABSOLUTE (__reset) >> 0x10) & 0x7f)
                  0x000003          0x2 SHORT 0x0

.text             0x000200       0x392e
 *(.init)
 .init            0x000200         0x4c c:/program files/microchip/xc16/v2.10/bin/bin/../../lib\libc99-pic30-elf.a(crt0_standard.o)
                  0x000200                  __resetPRI
                  0x000200                  __reset
                  0x00023c                  __psv_init
 .init            0x00024c         0x7c c:/program files/microchip/xc16/v2.10/bin/bin/../../lib\libc99-pic30-elf.a(data_init_standard.o)
                  0x000252                  __data_init_standard
                  0x000252                  __data_init
 *(.user_init)
 *(.handle)
 .handle          0x0002c8          0x4 jump_table
 *(.isr*)
 .isr             0x0002cc          0x4 default_isr
                  0x0002cc                  __DefaultInterrupt
 *(.libc)
 .libc            0x0002d0         0x2a c:/program files/microchip/xc16/v2.10/bin/bin/../../lib\libc99-pic30-elf.a(sbrk.Meo)
                  0x0002d0                  _sbrk
 .libc            0x0002fa         0x1a c:/program files/microchip/xc16/v2.10/bin/bin/../../lib\libc99-pic30-elf.a(brk.Meo)
                  0x0002fa                  _brk
 *(.libm)
 *(.libdsp)
 *(.lib*)
 .libpic30_crt_start_mode
                  0x000314          0x2 c:/program files/microchip/xc16/v2.10/bin/bin/../../lib\libc99-pic30-elf.a(crt_start_mode_normal.Meo)
                  0x000314                  __crt_start_mode
                  0x000314                  __crt_start_mode_normal
 .libc.__isspace
                  0x000316         0x14 c:/program files/microchip/xc16/v2.10/bin/bin/../../lib\libc99-elf.a(atoi.XX_o)
 .libc.atoi       0x00032a         0x4c c:/program files/microchip/xc16/v2.10/bin/bin/../../lib\libc99-elf.a(atoi.XX_o)
                  0x00032a                  _atoi
 .libc.localtime
                  0x000376          0x4 c:/program files/microchip/xc16/v2.10/bin/bin/../../lib\libc99-elf.a(localtime.XX_o)
                  0x000376                  _localtime
 .libc.memcpy     0x00037a          0xe c:/program files/microchip/xc16/v2.10/bin/bin/../../lib\libc99-elf.a(memcpy.XX_o)
                  0x00037a                  _memcpy
 .libc.mktime     0x000388         0x50 c:/program files/microchip/xc16/v2.10/bin/bin/../../lib\libc99-elf.a(mktime.XX_o)
                  0x000388                  _mktime
 .libc.sprintf    0x0003d8          0xc c:/program files/microchip/xc16/v2.10/bin/bin/../../lib\libc99-elf.a(sprintf.XX_o)
                  0x0003d8                  _sprintf
 .libc.is_leap    0x0003e4         0x32 c:/program files/microchip/xc16/v2.10/bin/bin/../../lib\libc99-elf.a(strftime.XX_o)
 .libc.week_num
                  0x000416         0x84 c:/program files/microchip/xc16/v2.10/bin/bin/../../lib\libc99-elf.a(strftime.XX_o)
 .libc.__strftime_l
                  0x00049a        0x142 c:/program files/microchip/xc16/v2.10/bin/bin/../../lib\libc99-elf.a(strftime.XX_o)
                  0x00049a                  ___strftime_l
                  0x00049a                  _strftime_l
 .libc.__strftime_fmt_1
                  0x0005dc        0x450 c:/program files/microchip/xc16/v2.10/bin/bin/../../lib\libc99-elf.a(strftime.XX_o)
                  0x0005dc                  ___strftime_fmt_1
 .libc.strftime
                  0x000a2c          0x4 c:/program files/microchip/xc16/v2.10/bin/bin/../../lib\libc99-elf.a(strftime.XX_o)
                  0x000a2c                  _strftime
 .libc.strlen     0x000a30         0x30 c:/program files/microchip/xc16/v2.10/bin/bin/../../lib\libc99-elf.a(strlen.XX_o)
                  0x000a30                  _strlen
 .libc.strtox     0x000a60         0x52 c:/program files/microchip/xc16/v2.10/bin/bin/../../lib\libc99-elf.a(strtol.XX_o)
 .libc.strtoull
                  0x000ab2          0x8 c:/program files/microchip/xc16/v2.10/bin/bin/../../lib\libc99-elf.a(strtol.XX_o)
                  0x000ab2                  ___strtoull_internal
                  0x000ab2                  _strtoull
 .libc.strtoll    0x000aba          0x8 c:/program files/microchip/xc16/v2.10/bin/bin/../../lib\libc99-elf.a(strtol.XX_o)
                  0x000aba                  _strtoll
                  0x000aba                  ___strtoll_internal
 .libc.strtoul    0x000ac2          0x8 c:/program files/microchip/xc16/v2.10/bin/bin/../../lib\libc99-elf.a(strtol.XX_o)
                  0x000ac2                  _strtoul
                  0x000ac2                  ___strtoul_internal
 .libc.strtol     0x000aca          0x8 c:/program files/microchip/xc16/v2.10/bin/bin/../../lib\libc99-elf.a(strtol.XX_o)
                  0x000aca                  _strtol
                  0x000aca                  ___strtol_internal
 .libc.strtoimax
                  0x000ad2          0x2 c:/program files/microchip/xc16/v2.10/bin/bin/../../lib\libc99-elf.a(strtol.XX_o)
                  0x000ad2                  ___strtoimax_internal
                  0x000ad2                  _strtoimax
 .libc.strtoumax
                  0x000ad4          0x2 c:/program files/microchip/xc16/v2.10/bin/bin/../../lib\libc99-elf.a(strtol.XX_o)
                  0x000ad4                  _strtoumax
                  0x000ad4                  ___strtoumax_internal
 .libc.vsprintf
                  0x000ad6          0x8 c:/program files/microchip/xc16/v2.10/bin/bin/../../lib\libc99-elf.a(vsprintf.XX_o)
                  0x000ad6                  _vsprintf
 .libc.__secs_to_tm
                  0x000ade        0x2ba c:/program files/microchip/xc16/v2.10/bin/bin/../../lib\libc99-elf.a(__secs_to_tm.XX_o)
                  0x000ade                  ___secs_to_tm
 .libc.__tm_to_secs
                  0x000d98        0x108 c:/program files/microchip/xc16/v2.10/bin/bin/../../lib\libc99-elf.a(__tm_to_secs.XX_o)
                  0x000d98                  ___tm_to_secs
 .libc.getint     0x000ea0         0x18 c:/program files/microchip/xc16/v2.10/bin/bin/../../lib\libc99-elf.a(__tz.XX_o)
 .libc.getoff     0x000eb8         0x5c c:/program files/microchip/xc16/v2.10/bin/bin/../../lib\libc99-elf.a(__tz.XX_o)
 .libc.getrule    0x000f14         0x54 c:/program files/microchip/xc16/v2.10/bin/bin/../../lib\libc99-elf.a(__tz.XX_o)
 .libc.getname    0x000f68         0x4c c:/program files/microchip/xc16/v2.10/bin/bin/../../lib\libc99-elf.a(__tz.XX_o)
 .libc.days_in_month
                  0x000fb4         0x14 c:/program files/microchip/xc16/v2.10/bin/bin/../../lib\libc99-elf.a(__tz.XX_o)
 .libc.do_tzset
                  0x000fc8         0xbc c:/program files/microchip/xc16/v2.10/bin/bin/../../lib\libc99-elf.a(__tz.XX_o)
 .libc.rule_to_secs
                  0x001084         0xbc c:/program files/microchip/xc16/v2.10/bin/bin/../../lib\libc99-elf.a(__tz.XX_o)
 .libc.__secs_to_zone
                  0x001140        0x176 c:/program files/microchip/xc16/v2.10/bin/bin/../../lib\libc99-elf.a(__tz.XX_o)
                  0x001140                  ___secs_to_zone
 .libc.__tzset    0x0012b6          0x2 c:/program files/microchip/xc16/v2.10/bin/bin/../../lib\libc99-elf.a(__tz.XX_o)
                  0x0012b6                  _tzset
                  0x0012b6                  ___tzset
 .libc.__tm_to_tzname
                  0x0012b8          0xc c:/program files/microchip/xc16/v2.10/bin/bin/../../lib\libc99-elf.a(__tz.XX_o)
                  0x0012b8                  ___tm_to_tzname
 .libc.__year_to_secs
                  0x0012c4        0x112 c:/program files/microchip/xc16/v2.10/bin/bin/../../lib\libc99-elf.a(__year_to_secs.XX_o)
                  0x0012c4                  ___year_to_secs
 .libc.abs        0x0013d6          0x6 c:/program files/microchip/xc16/v2.10/bin/bin/../../lib\libc99-elf.a(abs.XX_o)
                  0x0013d6                  _abs
 .libc.__gmtime_r
                  0x0013dc         0x30 c:/program files/microchip/xc16/v2.10/bin/bin/../../lib\libc99-elf.a(gmtime_r.XX_o)
                  0x0013dc                  ___gmtime_r
                  0x0013dc                  _gmtime_r
 .libc.__isspace
                  0x00140c         0x14 c:/program files/microchip/xc16/v2.10/bin/bin/../../lib\libc99-elf.a(intscan.XX_o)
 .libc.__intscan
                  0x001420        0x432 c:/program files/microchip/xc16/v2.10/bin/bin/../../lib\libc99-elf.a(intscan.XX_o)
                  0x001420                  ___intscan
 .libc.__nl_langinfo_l
                  0x001852         0x60 c:/program files/microchip/xc16/v2.10/bin/bin/../../lib\libc99-elf.a(langinfo.XX_o)
                  0x001852                  _nl_langinfo_l
                  0x001852                  ___nl_langinfo_l
 .libc.__nl_langinfo
                  0x0018b2          0x4 c:/program files/microchip/xc16/v2.10/bin/bin/../../lib\libc99-elf.a(langinfo.XX_o)
                  0x0018b2                  _nl_langinfo
                  0x0018b2                  ___nl_langinfo
 .libc.__simple_malloc
                  0x0018b6         0x86 c:/program files/microchip/xc16/v2.10/bin/bin/../../lib\libc99-elf.a(lite_malloc.XX_o)
                  0x0018b6                  ___malloc0
                  0x0018b6                  _malloc
                  0x0018b6                  ___simple_malloc
 .libc.__shlim    0x00193c         0x4a c:/program files/microchip/xc16/v2.10/bin/bin/../../lib\libc99-elf.a(shgetc.XX_o)
                  0x00193c                  ___shlim
 .libc.__shgetc
                  0x001986        0x130 c:/program files/microchip/xc16/v2.10/bin/bin/../../lib\libc99-elf.a(shgetc.XX_o)
                  0x001986                  ___shgetc
 .libc.snprintf
                  0x001ab6          0xc c:/program files/microchip/xc16/v2.10/bin/bin/../../lib\libc99-elf.a(snprintf.XX_o)
                  0x001ab6                  _snprintf
 .libc.vsnprintf
                  0x001ac2         0x50 c:/program files/microchip/xc16/v2.10/bin/bin/../../lib\libc99-elf.a(vsnprintf.XX_o)
                  0x001ac2                  _vsnprintf
 .libc.__month_to_secs
                  0x001b12         0x1c c:/program files/microchip/xc16/v2.10/bin/bin/../../lib\libc99-elf.a(__month_to_secs.XX_o)
                  0x001b12                  ___month_to_secs
 .libc.__uflow    0x001b2e         0x2a c:/program files/microchip/xc16/v2.10/bin/bin/../../lib\libc99-elf.a(__uflow.XX_o)
                  0x001b2e                  ___uflow
 .libc.__expand_heap
                  0x001b58         0x14 c:/program files/microchip/xc16/v2.10/bin/bin/../../lib\libc99-elf.a(expand_heap.XX_o)
                  0x001b58                  ___expand_heap
 .libc.vfprintf
                  0x001b6c         0x1c c:/program files/microchip/xc16/v2.10/bin/bin/../../lib\libc99-elf.a(vfprintf.XX_o)
                  0x001b6c                  _vfprintf
 .libc.__pop_float
                  0x001b88         0x3e c:/program files/microchip/xc16/v2.10/bin/bin/../../lib\libc99-elf.a(__pop_float.XX_o)
                  0x001b88                  ___pop_float
                  0x001b88                  ___pop_float_needed
 .libc.__pop_int
                  0x001bc6         0xa8 c:/program files/microchip/xc16/v2.10/bin/bin/../../lib\libc99-elf.a(__pop_int.XX_o)
                  0x001bc6                  ___pop_int
                  0x001bc6                  ___pop_int_needed
 .libc.__pop_ptr
                  0x001c6e         0x70 c:/program files/microchip/xc16/v2.10/bin/bin/../../lib\libc99-elf.a(__pop_ptr.XX_o)
                  0x001c6e                  ___pop_ptr_needed
                  0x001c6e                  ___pop_ptr
 .libc.__string_out
                  0x001cde         0x26 c:/program files/microchip/xc16/v2.10/bin/bin/../../lib\libc99-elf.a(__printf_core.XX_o)
                  0x001cde                  ___out
 .libc.__pad      0x001d04         0x74 c:/program files/microchip/xc16/v2.10/bin/bin/../../lib\libc99-elf.a(__printf_core.XX_o)
                  0x001d04                  ___pad
 .libc.__dummy_fmt3
                  0x001d78          0x2 c:/program files/microchip/xc16/v2.10/bin/bin/../../lib\libc99-elf.a(__printf_core.XX_o)
 .libc.__dummy_fmt4
                  0x001d7a          0x2 c:/program files/microchip/xc16/v2.10/bin/bin/../../lib\libc99-elf.a(__printf_core.XX_o)
 .libc.__dummy_fmts
                  0x001d7c          0x2 c:/program files/microchip/xc16/v2.10/bin/bin/../../lib\libc99-elf.a(__printf_core.XX_o)
 .libc.__fmt_state
                  0x001d7e         0x2c c:/program files/microchip/xc16/v2.10/bin/bin/../../lib\libc99-elf.a(__printf_core.XX_o)
                  0x001d7e                  ___fmt_state
 .libc.vfpfcnvrt.clone.0
                  0x001daa        0x2d8 c:/program files/microchip/xc16/v2.10/bin/bin/../../lib\libc99-elf.a(__printf_core.XX_o)
 .libc.__printf_core
                  0x002082         0x40 c:/program files/microchip/xc16/v2.10/bin/bin/../../lib\libc99-elf.a(__printf_core.XX_o)
                  0x002082                  ___printf_core
 .libc.__toread
                  0x0020c2         0x48 c:/program files/microchip/xc16/v2.10/bin/bin/../../lib\libc99-elf.a(__toread.XX_o)
                  0x0020c2                  ___toread
 .libc.__toread_needs_stdio_exit
                  0x00210a          0x2 c:/program files/microchip/xc16/v2.10/bin/bin/../../lib\libc99-elf.a(__toread.XX_o)
                  0x00210a                  ___toread_needs_stdio_exit
 .libc.memset     0x00210c         0xc8 c:/program files/microchip/xc16/v2.10/bin/bin/../../lib\libc99-elf.a(memset.XX_o)
                  0x00210c                  _memset
 .libc.tolower    0x0021d4          0xc c:/program files/microchip/xc16/v2.10/bin/bin/../../lib\libc99-elf.a(tolower.XX_o)
                  0x0021d4                  _tolower
 .libc.__tolower_l
                  0x0021e0          0x2 c:/program files/microchip/xc16/v2.10/bin/bin/../../lib\libc99-elf.a(tolower.XX_o)
                  0x0021e0                  ___tolower_l
                  0x0021e0                  _tolower_l
 .libc.__LONG_DOUBLE_BITS
                  0x0021e2          0x2 c:/program files/microchip/xc16/v2.10/bin/bin/../../lib\libc99-elf.a(__fmt_a.XX_o)
 .libc.__fmt_a    0x0021e4        0x544 c:/program files/microchip/xc16/v2.10/bin/bin/../../lib\libc99-elf.a(__fmt_a.XX_o)
                  0x0021e4                  ___fmt_a_needed
                  0x0021e4                  ___fmt_a
 .libc.__fmt_d    0x002728         0xb2 c:/program files/microchip/xc16/v2.10/bin/bin/../../lib\libc99-elf.a(__fmt_d.XX_o)
                  0x002728                  ___fmt_d
                  0x002728                  ___fmt_d_needed
 .libc.__LONG_DOUBLE_BITS
                  0x0027da          0x2 c:/program files/microchip/xc16/v2.10/bin/bin/../../lib\libc99-elf.a(__fmt_fp.XX_o)
 .libc.__fmt_fp
                  0x0027dc        0x5b6 c:/program files/microchip/xc16/v2.10/bin/bin/../../lib\libc99-elf.a(__fmt_fp.XX_o)
                  0x0027dc                  ___fmt_f_needed
                  0x0027dc                  ___fmt_fp
 .libc.__fmt_o    0x002d92         0x6a c:/program files/microchip/xc16/v2.10/bin/bin/../../lib\libc99-elf.a(__fmt_o.XX_o)
                  0x002d92                  ___fmt_o
                  0x002d92                  ___fmt_o_needed
 .libc.__fmt_s    0x002dfc         0x54 c:/program files/microchip/xc16/v2.10/bin/bin/../../lib\libc99-elf.a(__fmt_s.XX_o)
                  0x002dfc                  ___fmt_0_needed
                  0x002dfc                  ___fmt_s_needed
                  0x002dfc                  ___fmt_s
 .libc.__cvt_u    0x002e50         0xa6 c:/program files/microchip/xc16/v2.10/bin/bin/../../lib\libc99-elf.a(__fmt_u.XX_o)
                  0x002e50                  ___cvt_u
 .libc.__fmt_u    0x002ef6         0x52 c:/program files/microchip/xc16/v2.10/bin/bin/../../lib\libc99-elf.a(__fmt_u.XX_o)
                  0x002ef6                  ___fmt_u
                  0x002ef6                  ___fmt_u_needed
 .libc.__fmt_x    0x002f48        0x14a c:/program files/microchip/xc16/v2.10/bin/bin/../../lib\libc99-elf.a(__fmt_x.XX_o)
                  0x002f48                  ___fmt_x_needed
                  0x002f48                  ___fmt_x
 .libc.__dummy    0x003092          0x2 c:/program files/microchip/xc16/v2.10/bin/bin/../../lib\libc99-elf.a(__stdio_exit.XX_o)
                  0x003092                  ___stdio_exit_ofl
 .libc.__dummy1
                  0x003094          0x2 c:/program files/microchip/xc16/v2.10/bin/bin/../../lib\libc99-elf.a(__stdio_exit.XX_o)
                  0x003094                  ___fclose
 .libc.__stdio_exit
                  0x003096         0x14 c:/program files/microchip/xc16/v2.10/bin/bin/../../lib\libc99-elf.a(__stdio_exit.XX_o)
                  0x003096                  ___stdio_exit_needed
                  0x003096                  ___stdio_exit
 .libc.strcpy     0x0030aa          0xe c:/program files/microchip/xc16/v2.10/bin/bin/../../lib\libc99-elf.a(strcpy.XX_o)
                  0x0030aa                  _strcpy
 .libc.toupper    0x0030b8          0xc c:/program files/microchip/xc16/v2.10/bin/bin/../../lib\libc99-elf.a(toupper.XX_o)
                  0x0030b8                  _toupper
 .libc.__toupper_l
                  0x0030c4          0x2 c:/program files/microchip/xc16/v2.10/bin/bin/../../lib\libc99-elf.a(toupper.XX_o)
                  0x0030c4                  ___toupper_l
                  0x0030c4                  _toupper_l
 .libc.__stpcpy
                  0x0030c6         0x40 c:/program files/microchip/xc16/v2.10/bin/bin/../../lib\libc99-elf.a(stpcpy.XX_o)
                  0x0030c6                  ___stpcpy
                  0x0030c6                  _stpcpy
 .libm.eqdf2      0x003106          0xa c:/program files/microchip/xc16/v2.10/bin/bin/../../lib\libc99-pic30-elf.a(deqltle.XX_o)
                  0x003106                  ___eqdf2
                  0x003106                  ___ltdf2
                  0x003106                  ___ledf2
 .libm.gtdf2      0x003110          0xa c:/program files/microchip/xc16/v2.10/bin/bin/../../lib\libc99-pic30-elf.a(dgtge.XX_o)
                  0x003110                  ___gtdf2
                  0x003110                  ___gedf2
 .libm.divsi3     0x00311a         0x1e c:/program files/microchip/xc16/v2.10/bin/bin/../../lib\libc99-pic30-elf.a(divsi3.XX_o)
                  0x00311a                  ___divsi3
 .libm.extendsfdf2
                  0x003138         0x3e c:/program files/microchip/xc16/v2.10/bin/bin/../../lib\libc99-pic30-elf.a(extendsfdf.XX_o)
                  0x003138                  ___extendsfdf2
 .libm.fixdfsi    0x003176         0x58 c:/program files/microchip/xc16/v2.10/bin/bin/../../lib\libc99-pic30-elf.a(fixdfsi.XX_o)
                  0x003176                  _(float, int, long long, double, float, short, int)
 .libm.funpack    0x0031ce         0x2a c:/program files/microchip/xc16/v2.10/bin/bin/../../lib\libc99-pic30-elf.a(funpack.XX_o)
                  0x0031ce                  __funpack
 .libm.modsi3     0x0031f8         0x1e c:/program files/microchip/xc16/v2.10/bin/bin/../../lib\libc99-pic30-elf.a(modsi3.XX_o)
                  0x0031f8                  ___modsi3
 .libm.udivsi3    0x003216         0x20 c:/program files/microchip/xc16/v2.10/bin/bin/../../lib\libc99-pic30-elf.a(udivsi3.XX_o)
                  0x003216                  ___udivsi3
 .libm.umodsi3    0x003236          0x6 c:/program files/microchip/xc16/v2.10/bin/bin/../../lib\libc99-pic30-elf.a(umodsi3.XX_o)
                  0x003236                  ___umodsi3
 .libm.mulsi3     0x00323c          0xc c:/program files/microchip/xc16/v2.10/bin/bin/../../lib\libc99-pic30-elf.a(mulsi3.XX_o)
                  0x00323c                  ___mulp32peds3
                  0x00323c                  ___mulsi3
                  0x00323c                  ___mulp32eds3
 .lib_dpfops      0x003248         0xa2 c:/program files/microchip/xc16/v2.10/bin/bin/../../lib\libc99-pic30-elf.a(dpadd.XX_o)
                  0x003248                  ___subdf3
                  0x003254                  ___adddf3
 .lib_dpfops      0x0032ea        0x15e c:/program files/microchip/xc16/v2.10/bin/bin/../../lib\libc99-pic30-elf.a(dpdiv.XX_o)
                  0x0032ea                  ___divdf3
 .lib_dpfops      0x003448        0x11a c:/program files/microchip/xc16/v2.10/bin/bin/../../lib\libc99-pic30-elf.a(dpmul.XX_o)
                  0x003448                  ___muldf3
 .lib_dpfops      0x003562        0x128 c:/program files/microchip/xc16/v2.10/bin/bin/../../lib\libc99-pic30-elf.a(dpsubs.XX_o)
                  0x00357c                  __dxchg
                  0x00358a                  __drshft
                  0x0035e4                  __dupchk
                  0x003646                  __drndex
                  0x003650                  __dnsrnd
                  0x00367c                  __dpakex
 .libm.__PplusBdi
                  0x00368a         0x26 c:/program files/microchip/xc16/v2.10/bin/bin/../../lib\libc99-pic30-elf.a(divmoddi3.XX_o)
 .libm.__PminusBdi
                  0x0036b0         0x26 c:/program files/microchip/xc16/v2.10/bin/bin/../../lib\libc99-pic30-elf.a(divmoddi3.XX_o)
 .libm.__udivmoddi3
                  0x0036d6         0xe6 c:/program files/microchip/xc16/v2.10/bin/bin/../../lib\libc99-pic30-elf.a(divmoddi3.XX_o)
                  0x0036d6                  ___udivmoddi3
 .libm.__udivdi3
                  0x0037bc          0xe c:/program files/microchip/xc16/v2.10/bin/bin/../../lib\libc99-pic30-elf.a(divmoddi3.XX_o)
                  0x0037bc                  ___udivdi3
 .libm.__umoddi3
                  0x0037ca          0x8 c:/program files/microchip/xc16/v2.10/bin/bin/../../lib\libc99-pic30-elf.a(divmoddi3.XX_o)
                  0x0037ca                  ___umoddi3
 .libm.__divdi3
                  0x0037d2         0x60 c:/program files/microchip/xc16/v2.10/bin/bin/../../lib\libc99-pic30-elf.a(divmoddi3.XX_o)
                  0x0037d2                  ___divdi3
 .libm.__moddi3
                  0x003832         0x5c c:/program files/microchip/xc16/v2.10/bin/bin/../../lib\libc99-pic30-elf.a(divmoddi3.XX_o)
                  0x003832                  ___moddi3
 .libm.__muldi3
                  0x00388e         0x52 c:/program files/microchip/xc16/v2.10/bin/bin/../../lib\libc99-pic30-elf.a(muldi3.XX_o)
                  0x00388e                  ___muldi3
 .libm.dcompare
                  0x0038e0         0x52 c:/program files/microchip/xc16/v2.10/bin/bin/../../lib\libc99-pic30-elf.a(dcompare.XX_o)
                  0x0038e0                  __dcompare
 .libm.dtype      0x003932         0x24 c:/program files/microchip/xc16/v2.10/bin/bin/../../lib\libc99-pic30-elf.a(dtype.XX_o)
                  0x003932                  __dtype
 .libm.dunpack    0x003956         0x4e c:/program files/microchip/xc16/v2.10/bin/bin/../../lib\libc99-pic30-elf.a(dunpack.XX_o)
                  0x003956                  __dunpack
 .libm.dunpack2
                  0x0039a4         0x32 c:/program files/microchip/xc16/v2.10/bin/bin/../../lib\libc99-pic30-elf.a(dunpack2.XX_o)
                  0x0039a4                  __dunpack2
                  0x0039c6                  __dreturnNaN
                  0x0039cc                  __dunpack2exit
 .libm.umuldi3    0x0039d6         0x44 c:/program files/microchip/xc16/v2.10/bin/bin/../../lib\libc99-pic30-elf.a(umuldi3.XX_o)
                  0x0039d6                  ___umuldi3
 .libm.dPropagateNaN
                  0x003a1a         0x1c c:/program files/microchip/xc16/v2.10/bin/bin/../../lib\libc99-pic30-elf.a(dpropagateNaN.XX_o)
                  0x003a1a                  __dPropagateNaN
 .libc.floorl     0x003a36         0xf8 c:/program files/microchip/xc16/v2.10/bin/bin/../../lib\libm-elf.a(floorl.XX_o)
                  0x003a36                  _floorl

usercode
 *(usercode)

__CONFIG2         0x0157fc          0x2
 *(__CONFIG2.sec*)
 __CONFIG2.sec    0x0157fc          0x2 build/default/production/main.o

__CONFIG1         0x0157fe          0x2
 *(__CONFIG1.sec*)
 __CONFIG1.sec    0x0157fe          0x2 build/default/production/main.o

.comment
 *(.comment)

.debug_info       0x000000       0x2da5
 *(.debug_info)
 .debug_info      0x000000        0xbd5 build/default/production/main.o
 .debug_info      0x000bd5        0x561 build/default/production/adc.o
 .debug_info      0x001136        0x935 build/default/production/lcd.o
 .debug_info      0x001a6b        0x7c1 build/default/production/rtcc.o
 .debug_info      0x00222c         0x8d c:/program files/microchip/xc16/v2.10/bin/bin/../../lib\libc99-pic30-elf.a(deqltle.XX_o)
 .debug_info      0x0022b9         0x8b c:/program files/microchip/xc16/v2.10/bin/bin/../../lib\libc99-pic30-elf.a(dgtge.XX_o)
 .debug_info      0x002344         0x8c c:/program files/microchip/xc16/v2.10/bin/bin/../../lib\libc99-pic30-elf.a(divsi3.XX_o)
 .debug_info      0x0023d0         0x90 c:/program files/microchip/xc16/v2.10/bin/bin/../../lib\libc99-pic30-elf.a(extendsfdf.XX_o)
 .debug_info      0x002460         0x8d c:/program files/microchip/xc16/v2.10/bin/bin/../../lib\libc99-pic30-elf.a(fixdfsi.XX_o)
 .debug_info      0x0024ed         0x8d c:/program files/microchip/xc16/v2.10/bin/bin/../../lib\libc99-pic30-elf.a(funpack.XX_o)
 .debug_info      0x00257a         0x8c c:/program files/microchip/xc16/v2.10/bin/bin/../../lib\libc99-pic30-elf.a(modsi3.XX_o)
 .debug_info      0x002606         0x8d c:/program files/microchip/xc16/v2.10/bin/bin/../../lib\libc99-pic30-elf.a(udivsi3.XX_o)
 .debug_info      0x002693         0x8d c:/program files/microchip/xc16/v2.10/bin/bin/../../lib\libc99-pic30-elf.a(umodsi3.XX_o)
 .debug_info      0x002720         0x8c c:/program files/microchip/xc16/v2.10/bin/bin/../../lib\libc99-pic30-elf.a(mulsi3.XX_o)
 .debug_info      0x0027ac         0xa9 c:/program files/microchip/xc16/v2.10/bin/bin/../../lib\libc99-pic30-elf.a(dpadd.XX_o)
 .debug_info      0x002855         0xa9 c:/program files/microchip/xc16/v2.10/bin/bin/../../lib\libc99-pic30-elf.a(dpdiv.XX_o)
 .debug_info      0x0028fe         0xa9 c:/program files/microchip/xc16/v2.10/bin/bin/../../lib\libc99-pic30-elf.a(dpmul.XX_o)
 .debug_info      0x0029a7         0xaa c:/program files/microchip/xc16/v2.10/bin/bin/../../lib\libc99-pic30-elf.a(dpsubs.XX_o)
 .debug_info      0x002a51         0x8e c:/program files/microchip/xc16/v2.10/bin/bin/../../lib\libc99-pic30-elf.a(dcompare.XX_o)
 .debug_info      0x002adf         0x8b c:/program files/microchip/xc16/v2.10/bin/bin/../../lib\libc99-pic30-elf.a(dtype.XX_o)
 .debug_info      0x002b6a         0x8d c:/program files/microchip/xc16/v2.10/bin/bin/../../lib\libc99-pic30-elf.a(dunpack.XX_o)
 .debug_info      0x002bf7         0x8e c:/program files/microchip/xc16/v2.10/bin/bin/../../lib\libc99-pic30-elf.a(dunpack2.XX_o)
 .debug_info      0x002c85         0x8d c:/program files/microchip/xc16/v2.10/bin/bin/../../lib\libc99-pic30-elf.a(umuldi3.XX_o)
 .debug_info      0x002d12         0x93 c:/program files/microchip/xc16/v2.10/bin/bin/../../lib\libc99-pic30-elf.a(dpropagateNaN.XX_o)
 *(.gnu.linkonce.wi.*)

.debug_abbrev     0x000000        0x694
 *(.debug_abbrev)
 .debug_abbrev    0x000000        0x1b4 build/default/production/main.o
 .debug_abbrev    0x0001b4         0xfe build/default/production/adc.o
 .debug_abbrev    0x0002b2         0xe7 build/default/production/lcd.o
 .debug_abbrev    0x000399        0x16a build/default/production/rtcc.o
 .debug_abbrev    0x000503          0x1 build/default/production/menu.o
 .debug_abbrev    0x000504         0x14 c:/program files/microchip/xc16/v2.10/bin/bin/../../lib\libc99-pic30-elf.a(deqltle.XX_o)
 .debug_abbrev    0x000518         0x14 c:/program files/microchip/xc16/v2.10/bin/bin/../../lib\libc99-pic30-elf.a(dgtge.XX_o)
 .debug_abbrev    0x00052c         0x14 c:/program files/microchip/xc16/v2.10/bin/bin/../../lib\libc99-pic30-elf.a(divsi3.XX_o)
 .debug_abbrev    0x000540         0x14 c:/program files/microchip/xc16/v2.10/bin/bin/../../lib\libc99-pic30-elf.a(extendsfdf.XX_o)
 .debug_abbrev    0x000554         0x14 c:/program files/microchip/xc16/v2.10/bin/bin/../../lib\libc99-pic30-elf.a(fixdfsi.XX_o)
 .debug_abbrev    0x000568         0x14 c:/program files/microchip/xc16/v2.10/bin/bin/../../lib\libc99-pic30-elf.a(funpack.XX_o)
 .debug_abbrev    0x00057c         0x14 c:/program files/microchip/xc16/v2.10/bin/bin/../../lib\libc99-pic30-elf.a(modsi3.XX_o)
 .debug_abbrev    0x000590         0x14 c:/program files/microchip/xc16/v2.10/bin/bin/../../lib\libc99-pic30-elf.a(udivsi3.XX_o)
 .debug_abbrev    0x0005a4         0x14 c:/program files/microchip/xc16/v2.10/bin/bin/../../lib\libc99-pic30-elf.a(umodsi3.XX_o)
 .debug_abbrev    0x0005b8         0x14 c:/program files/microchip/xc16/v2.10/bin/bin/../../lib\libc99-pic30-elf.a(mulsi3.XX_o)
 .debug_abbrev    0x0005cc         0x14 c:/program files/microchip/xc16/v2.10/bin/bin/../../lib\libc99-pic30-elf.a(dpadd.XX_o)
 .debug_abbrev    0x0005e0         0x14 c:/program files/microchip/xc16/v2.10/bin/bin/../../lib\libc99-pic30-elf.a(dpdiv.XX_o)
 .debug_abbrev    0x0005f4         0x14 c:/program files/microchip/xc16/v2.10/bin/bin/../../lib\libc99-pic30-elf.a(dpmul.XX_o)
 .debug_abbrev    0x000608         0x14 c:/program files/microchip/xc16/v2.10/bin/bin/../../lib\libc99-pic30-elf.a(dpsubs.XX_o)
 .debug_abbrev    0x00061c         0x14 c:/program files/microchip/xc16/v2.10/bin/bin/../../lib\libc99-pic30-elf.a(dcompare.XX_o)
 .debug_abbrev    0x000630         0x14 c:/program files/microchip/xc16/v2.10/bin/bin/../../lib\libc99-pic30-elf.a(dtype.XX_o)
 .debug_abbrev    0x000644         0x14 c:/program files/microchip/xc16/v2.10/bin/bin/../../lib\libc99-pic30-elf.a(dunpack.XX_o)
 .debug_abbrev    0x000658         0x14 c:/program files/microchip/xc16/v2.10/bin/bin/../../lib\libc99-pic30-elf.a(dunpack2.XX_o)
 .debug_abbrev    0x00066c         0x14 c:/program files/microchip/xc16/v2.10/bin/bin/../../lib\libc99-pic30-elf.a(umuldi3.XX_o)
 .debug_abbrev    0x000680         0x14 c:/program files/microchip/xc16/v2.10/bin/bin/../../lib\libc99-pic30-elf.a(dpropagateNaN.XX_o)

.debug_line       0x000000        0xd55
 *(.debug_line)
 .debug_line      0x000000        0x18d build/default/production/main.o
 .debug_line      0x00018d        0x101 build/default/production/adc.o
 .debug_line      0x00028e        0x12c build/default/production/lcd.o
 .debug_line      0x0003ba        0x173 build/default/production/rtcc.o
 .debug_line      0x00052d         0x1a build/default/production/menu.o
 .debug_line      0x000547         0x3a c:/program files/microchip/xc16/v2.10/bin/bin/../../lib\libc99-pic30-elf.a(deqltle.XX_o)
 .debug_line      0x000581         0x38 c:/program files/microchip/xc16/v2.10/bin/bin/../../lib\libc99-pic30-elf.a(dgtge.XX_o)
 .debug_line      0x0005b9         0x43 c:/program files/microchip/xc16/v2.10/bin/bin/../../lib\libc99-pic30-elf.a(divsi3.XX_o)
 .debug_line      0x0005fc         0x59 c:/program files/microchip/xc16/v2.10/bin/bin/../../lib\libc99-pic30-elf.a(extendsfdf.XX_o)
 .debug_line      0x000655         0x61 c:/program files/microchip/xc16/v2.10/bin/bin/../../lib\libc99-pic30-elf.a(fixdfsi.XX_o)
 .debug_line      0x0006b6         0x4a c:/program files/microchip/xc16/v2.10/bin/bin/../../lib\libc99-pic30-elf.a(funpack.XX_o)
 .debug_line      0x000700         0x43 c:/program files/microchip/xc16/v2.10/bin/bin/../../lib\libc99-pic30-elf.a(modsi3.XX_o)
 .debug_line      0x000743         0x45 c:/program files/microchip/xc16/v2.10/bin/bin/../../lib\libc99-pic30-elf.a(udivsi3.XX_o)
 .debug_line      0x000788         0x38 c:/program files/microchip/xc16/v2.10/bin/bin/../../lib\libc99-pic30-elf.a(umodsi3.XX_o)
 .debug_line      0x0007c0         0x3a c:/program files/microchip/xc16/v2.10/bin/bin/../../lib\libc99-pic30-elf.a(mulsi3.XX_o)
 .debug_line      0x0007fa         0xa2 c:/program files/microchip/xc16/v2.10/bin/bin/../../lib\libc99-pic30-elf.a(dpadd.XX_o)
 .debug_line      0x00089c        0x100 c:/program files/microchip/xc16/v2.10/bin/bin/../../lib\libc99-pic30-elf.a(dpdiv.XX_o)
 .debug_line      0x00099c         0xde c:/program files/microchip/xc16/v2.10/bin/bin/../../lib\libc99-pic30-elf.a(dpmul.XX_o)
 .debug_line      0x000a7a         0xe8 c:/program files/microchip/xc16/v2.10/bin/bin/../../lib\libc99-pic30-elf.a(dpsubs.XX_o)
 .debug_line      0x000b62         0x5f c:/program files/microchip/xc16/v2.10/bin/bin/../../lib\libc99-pic30-elf.a(dcompare.XX_o)
 .debug_line      0x000bc1         0x45 c:/program files/microchip/xc16/v2.10/bin/bin/../../lib\libc99-pic30-elf.a(dtype.XX_o)
 .debug_line      0x000c06         0x5c c:/program files/microchip/xc16/v2.10/bin/bin/../../lib\libc99-pic30-elf.a(dunpack.XX_o)
 .debug_line      0x000c62         0x53 c:/program files/microchip/xc16/v2.10/bin/bin/../../lib\libc99-pic30-elf.a(dunpack2.XX_o)
 .debug_line      0x000cb5         0x57 c:/program files/microchip/xc16/v2.10/bin/bin/../../lib\libc99-pic30-elf.a(umuldi3.XX_o)
 .debug_line      0x000d0c         0x49 c:/program files/microchip/xc16/v2.10/bin/bin/../../lib\libc99-pic30-elf.a(dpropagateNaN.XX_o)

.debug_frame      0x000000        0x292
 *(.debug_frame)
 .debug_frame     0x000000         0xae build/default/production/main.o
 .debug_frame     0x0000ae         0x62 build/default/production/adc.o
 .debug_frame     0x000110         0xb0 build/default/production/lcd.o
 .debug_frame     0x0001c0         0xd2 build/default/production/rtcc.o

.debug_str        0x000000         0xa3
 *(.debug_str)
 .debug_str       0x000000         0x45 build/default/production/main.o
 .debug_str       0x000045         0x21 build/default/production/adc.o
 .debug_str       0x000066         0x26 build/default/production/lcd.o
 .debug_str       0x00008c         0x17 build/default/production/rtcc.o

.debug_loc
 *(.debug_loc)

.debug_macinfo
 *(.debug_macinfo)

.debug_pubnames
                  0x000000        0x173
 *(.debug_pubnames)
 .debug_pubnames
                  0x000000         0x5a build/default/production/main.o
 .debug_pubnames
                  0x00005a         0x41 build/default/production/adc.o
 .debug_pubnames
                  0x00009b         0x6a build/default/production/lcd.o
 .debug_pubnames
                  0x000105         0x6e build/default/production/rtcc.o

.debug_ranges
 *(.debug_ranges)

.debug_aranges    0x000000        0x2e0
 *(.debug_aranges)
 .debug_aranges
                  0x000000         0x18 build/default/production/main.o
 .debug_aranges
                  0x000018         0x18 build/default/production/adc.o
 .debug_aranges
                  0x000030         0x18 build/default/production/lcd.o
 .debug_aranges
                  0x000048         0x18 build/default/production/rtcc.o
 .debug_aranges
                  0x000060         0x20 c:/program files/microchip/xc16/v2.10/bin/bin/../../lib\libc99-pic30-elf.a(deqltle.XX_o)
 .debug_aranges
                  0x000080         0x20 c:/program files/microchip/xc16/v2.10/bin/bin/../../lib\libc99-pic30-elf.a(dgtge.XX_o)
 .debug_aranges
                  0x0000a0         0x20 c:/program files/microchip/xc16/v2.10/bin/bin/../../lib\libc99-pic30-elf.a(divsi3.XX_o)
 .debug_aranges
                  0x0000c0         0x20 c:/program files/microchip/xc16/v2.10/bin/bin/../../lib\libc99-pic30-elf.a(extendsfdf.XX_o)
 .debug_aranges
                  0x0000e0         0x20 c:/program files/microchip/xc16/v2.10/bin/bin/../../lib\libc99-pic30-elf.a(fixdfsi.XX_o)
 .debug_aranges
                  0x000100         0x20 c:/program files/microchip/xc16/v2.10/bin/bin/../../lib\libc99-pic30-elf.a(funpack.XX_o)
 .debug_aranges
                  0x000120         0x20 c:/program files/microchip/xc16/v2.10/bin/bin/../../lib\libc99-pic30-elf.a(modsi3.XX_o)
 .debug_aranges
                  0x000140         0x20 c:/program files/microchip/xc16/v2.10/bin/bin/../../lib\libc99-pic30-elf.a(udivsi3.XX_o)
 .debug_aranges
                  0x000160         0x20 c:/program files/microchip/xc16/v2.10/bin/bin/../../lib\libc99-pic30-elf.a(umodsi3.XX_o)
 .debug_aranges
                  0x000180         0x20 c:/program files/microchip/xc16/v2.10/bin/bin/../../lib\libc99-pic30-elf.a(mulsi3.XX_o)
 .debug_aranges
                  0x0001a0         0x20 c:/program files/microchip/xc16/v2.10/bin/bin/../../lib\libc99-pic30-elf.a(dpadd.XX_o)
 .debug_aranges
                  0x0001c0         0x20 c:/program files/microchip/xc16/v2.10/bin/bin/../../lib\libc99-pic30-elf.a(dpdiv.XX_o)
 .debug_aranges
                  0x0001e0         0x20 c:/program files/microchip/xc16/v2.10/bin/bin/../../lib\libc99-pic30-elf.a(dpmul.XX_o)
 .debug_aranges
                  0x000200         0x20 c:/program files/microchip/xc16/v2.10/bin/bin/../../lib\libc99-pic30-elf.a(dpsubs.XX_o)
 .debug_aranges
                  0x000220         0x20 c:/program files/microchip/xc16/v2.10/bin/bin/../../lib\libc99-pic30-elf.a(dcompare.XX_o)
 .debug_aranges
                  0x000240         0x20 c:/program files/microchip/xc16/v2.10/bin/bin/../../lib\libc99-pic30-elf.a(dtype.XX_o)
 .debug_aranges
                  0x000260         0x20 c:/program files/microchip/xc16/v2.10/bin/bin/../../lib\libc99-pic30-elf.a(dunpack.XX_o)
 .debug_aranges
                  0x000280         0x20 c:/program files/microchip/xc16/v2.10/bin/bin/../../lib\libc99-pic30-elf.a(dunpack2.XX_o)
 .debug_aranges
                  0x0002a0         0x20 c:/program files/microchip/xc16/v2.10/bin/bin/../../lib\libc99-pic30-elf.a(umuldi3.XX_o)
 .debug_aranges
                  0x0002c0         0x20 c:/program files/microchip/xc16/v2.10/bin/bin/../../lib\libc99-pic30-elf.a(dpropagateNaN.XX_o)
                    0x0000                  WREG0 = 0x0
                    0x0000                  _WREG0 = 0x0
                    0x0002                  WREG1 = 0x2
                    0x0002                  _WREG1 = 0x2
                    0x0004                  WREG2 = 0x4
                    0x0004                  _WREG2 = 0x4
                    0x0006                  WREG3 = 0x6
                    0x0006                  _WREG3 = 0x6
                    0x0008                  WREG4 = 0x8
                    0x0008                  _WREG4 = 0x8
                    0x000a                  WREG5 = 0xa
                    0x000a                  _WREG5 = 0xa
                    0x000c                  WREG6 = 0xc
                    0x000c                  _WREG6 = 0xc
                    0x000e                  WREG7 = 0xe
                    0x000e                  _WREG7 = 0xe
                    0x0010                  WREG8 = 0x10
                    0x0010                  _WREG8 = 0x10
                    0x0012                  WREG9 = 0x12
                    0x0012                  _WREG9 = 0x12
                    0x0014                  WREG10 = 0x14
                    0x0014                  _WREG10 = 0x14
                    0x0016                  WREG11 = 0x16
                    0x0016                  _WREG11 = 0x16
                    0x0018                  WREG12 = 0x18
                    0x0018                  _WREG12 = 0x18
                    0x001a                  WREG13 = 0x1a
                    0x001a                  _WREG13 = 0x1a
                    0x001c                  WREG14 = 0x1c
                    0x001c                  _WREG14 = 0x1c
                    0x001e                  WREG15 = 0x1e
                    0x001e                  _WREG15 = 0x1e
                    0x0020                  SPLIM = 0x20
                    0x0020                  _SPLIM = 0x20
                    0x002e                  PCL = 0x2e
                    0x002e                  _PCL = 0x2e
                    0x0030                  PCH = 0x30
                    0x0030                  _PCH = 0x30
                    0x0032                  TBLPAG = 0x32
                    0x0032                  _TBLPAG = 0x32
                    0x0034                  PSVPAG = 0x34
                    0x0034                  _PSVPAG = 0x34
                    0x0036                  RCOUNT = 0x36
                    0x0036                  _RCOUNT = 0x36
                    0x0042                  SR = 0x42
                    0x0042                  _SR = 0x42
                    0x0042                  _SRbits = 0x42
                    0x0044                  CORCON = 0x44
                    0x0044                  _CORCON = 0x44
                    0x0044                  _CORCONbits = 0x44
                    0x0052                  DISICNT = 0x52
                    0x0052                  _DISICNT = 0x52
                    0x0060                  CNEN1 = 0x60
                    0x0060                  _CNEN1 = 0x60
                    0x0060                  _CNEN1bits = 0x60
                    0x0062                  CNEN2 = 0x62
                    0x0062                  _CNEN2 = 0x62
                    0x0062                  _CNEN2bits = 0x62
                    0x0068                  CNPU1 = 0x68
                    0x0068                  _CNPU1 = 0x68
                    0x0068                  _CNPU1bits = 0x68
                    0x006a                  CNPU2 = 0x6a
                    0x006a                  _CNPU2 = 0x6a
                    0x006a                  _CNPU2bits = 0x6a
                    0x0080                  INTCON1 = 0x80
                    0x0080                  _INTCON1 = 0x80
                    0x0080                  _INTCON1bits = 0x80
                    0x0082                  INTCON2 = 0x82
                    0x0082                  _INTCON2 = 0x82
                    0x0082                  _INTCON2bits = 0x82
                    0x0084                  IFS0 = 0x84
                    0x0084                  _IFS0 = 0x84
                    0x0084                  _IFS0bits = 0x84
                    0x0086                  IFS1 = 0x86
                    0x0086                  _IFS1 = 0x86
                    0x0086                  _IFS1bits = 0x86
                    0x0088                  IFS2 = 0x88
                    0x0088                  _IFS2 = 0x88
                    0x0088                  _IFS2bits = 0x88
                    0x008a                  IFS3 = 0x8a
                    0x008a                  _IFS3 = 0x8a
                    0x008a                  _IFS3bits = 0x8a
                    0x008c                  IFS4 = 0x8c
                    0x008c                  _IFS4 = 0x8c
                    0x008c                  _IFS4bits = 0x8c
                    0x0094                  IEC0 = 0x94
                    0x0094                  _IEC0 = 0x94
                    0x0094                  _IEC0bits = 0x94
                    0x0096                  IEC1 = 0x96
                    0x0096                  _IEC1 = 0x96
                    0x0096                  _IEC1bits = 0x96
                    0x0098                  IEC2 = 0x98
                    0x0098                  _IEC2 = 0x98
                    0x0098                  _IEC2bits = 0x98
                    0x009a                  IEC3 = 0x9a
                    0x009a                  _IEC3 = 0x9a
                    0x009a                  _IEC3bits = 0x9a
                    0x009c                  IEC4 = 0x9c
                    0x009c                  _IEC4 = 0x9c
                    0x009c                  _IEC4bits = 0x9c
                    0x00a4                  IPC0 = 0xa4
                    0x00a4                  _IPC0 = 0xa4
                    0x00a4                  _IPC0bits = 0xa4
                    0x00a6                  IPC1 = 0xa6
                    0x00a6                  _IPC1 = 0xa6
                    0x00a6                  _IPC1bits = 0xa6
                    0x00a8                  IPC2 = 0xa8
                    0x00a8                  _IPC2 = 0xa8
                    0x00a8                  _IPC2bits = 0xa8
                    0x00aa                  IPC3 = 0xaa
                    0x00aa                  _IPC3 = 0xaa
                    0x00aa                  _IPC3bits = 0xaa
                    0x00ac                  IPC4 = 0xac
                    0x00ac                  _IPC4 = 0xac
                    0x00ac                  _IPC4bits = 0xac
                    0x00ae                  IPC5 = 0xae
                    0x00ae                  _IPC5 = 0xae
                    0x00ae                  _IPC5bits = 0xae
                    0x00b0                  IPC6 = 0xb0
                    0x00b0                  _IPC6 = 0xb0
                    0x00b0                  _IPC6bits = 0xb0
                    0x00b2                  IPC7 = 0xb2
                    0x00b2                  _IPC7 = 0xb2
                    0x00b2                  _IPC7bits = 0xb2
                    0x00b4                  IPC8 = 0xb4
                    0x00b4                  _IPC8 = 0xb4
                    0x00b4                  _IPC8bits = 0xb4
                    0x00b6                  IPC9 = 0xb6
                    0x00b6                  _IPC9 = 0xb6
                    0x00b6                  _IPC9bits = 0xb6
                    0x00b8                  IPC10 = 0xb8
                    0x00b8                  _IPC10 = 0xb8
                    0x00b8                  _IPC10bits = 0xb8
                    0x00ba                  IPC11 = 0xba
                    0x00ba                  _IPC11 = 0xba
                    0x00ba                  _IPC11bits = 0xba
                    0x00bc                  IPC12 = 0xbc
                    0x00bc                  _IPC12 = 0xbc
                    0x00bc                  _IPC12bits = 0xbc
                    0x00be                  IPC13 = 0xbe
                    0x00be                  _IPC13 = 0xbe
                    0x00be                  _IPC13bits = 0xbe
                    0x00c2                  IPC15 = 0xc2
                    0x00c2                  _IPC15 = 0xc2
                    0x00c2                  _IPC15bits = 0xc2
                    0x00c4                  IPC16 = 0xc4
                    0x00c4                  _IPC16 = 0xc4
                    0x00c4                  _IPC16bits = 0xc4
                    0x00e0                  INTTREG = 0xe0
                    0x00e0                  _INTTREG = 0xe0
                    0x00e0                  _INTTREGbits = 0xe0
                    0x0100                  TMR1 = 0x100
                    0x0100                  _TMR1 = 0x100
                    0x0102                  PR1 = 0x102
                    0x0102                  _PR1 = 0x102
                    0x0104                  T1CON = 0x104
                    0x0104                  _T1CON = 0x104
                    0x0104                  _T1CONbits = 0x104
                    0x0106                  TMR2 = 0x106
                    0x0106                  _TMR2 = 0x106
                    0x0108                  TMR3HLD = 0x108
                    0x0108                  _TMR3HLD = 0x108
                    0x010a                  TMR3 = 0x10a
                    0x010a                  _TMR3 = 0x10a
                    0x010c                  PR2 = 0x10c
                    0x010c                  _PR2 = 0x10c
                    0x010e                  PR3 = 0x10e
                    0x010e                  _PR3 = 0x10e
                    0x0110                  T2CON = 0x110
                    0x0110                  _T2CON = 0x110
                    0x0110                  _T2CONbits = 0x110
                    0x0112                  T3CON = 0x112
                    0x0112                  _T3CON = 0x112
                    0x0112                  _T3CONbits = 0x112
                    0x0114                  TMR4 = 0x114
                    0x0114                  _TMR4 = 0x114
                    0x0116                  TMR5HLD = 0x116
                    0x0116                  _TMR5HLD = 0x116
                    0x0118                  TMR5 = 0x118
                    0x0118                  _TMR5 = 0x118
                    0x011a                  PR4 = 0x11a
                    0x011a                  _PR4 = 0x11a
                    0x011c                  PR5 = 0x11c
                    0x011c                  _PR5 = 0x11c
                    0x011e                  T4CON = 0x11e
                    0x011e                  _T4CON = 0x11e
                    0x011e                  _T4CONbits = 0x11e
                    0x0120                  T5CON = 0x120
                    0x0120                  _T5CON = 0x120
                    0x0120                  _T5CONbits = 0x120
                    0x0140                  IC1BUF = 0x140
                    0x0140                  _IC1BUF = 0x140
                    0x0142                  IC1CON = 0x142
                    0x0142                  _IC1CON = 0x142
                    0x0142                  _IC1CONbits = 0x142
                    0x0144                  IC2BUF = 0x144
                    0x0144                  _IC2BUF = 0x144
                    0x0146                  IC2CON = 0x146
                    0x0146                  _IC2CON = 0x146
                    0x0146                  _IC2CONbits = 0x146
                    0x0148                  IC3BUF = 0x148
                    0x0148                  _IC3BUF = 0x148
                    0x014a                  IC3CON = 0x14a
                    0x014a                  _IC3CON = 0x14a
                    0x014a                  _IC3CONbits = 0x14a
                    0x014c                  IC4BUF = 0x14c
                    0x014c                  _IC4BUF = 0x14c
                    0x014e                  IC4CON = 0x14e
                    0x014e                  _IC4CON = 0x14e
                    0x014e                  _IC4CONbits = 0x14e
                    0x0150                  IC5BUF = 0x150
                    0x0150                  _IC5BUF = 0x150
                    0x0152                  IC5CON = 0x152
                    0x0152                  _IC5CON = 0x152
                    0x0152                  _IC5CONbits = 0x152
                    0x0180                  OC1RS = 0x180
                    0x0180                  _OC1RS = 0x180
                    0x0182                  OC1R = 0x182
                    0x0182                  _OC1R = 0x182
                    0x0184                  OC1CON = 0x184
                    0x0184                  _OC1CON = 0x184
                    0x0184                  _OC1CONbits = 0x184
                    0x0186                  OC2RS = 0x186
                    0x0186                  _OC2RS = 0x186
                    0x0188                  OC2R = 0x188
                    0x0188                  _OC2R = 0x188
                    0x018a                  OC2CON = 0x18a
                    0x018a                  _OC2CON = 0x18a
                    0x018a                  _OC2CONbits = 0x18a
                    0x018c                  OC3RS = 0x18c
                    0x018c                  _OC3RS = 0x18c
                    0x018e                  OC3R = 0x18e
                    0x018e                  _OC3R = 0x18e
                    0x0190                  OC3CON = 0x190
                    0x0190                  _OC3CON = 0x190
                    0x0190                  _OC3CONbits = 0x190
                    0x0192                  OC4RS = 0x192
                    0x0192                  _OC4RS = 0x192
                    0x0194                  OC4R = 0x194
                    0x0194                  _OC4R = 0x194
                    0x0196                  OC4CON = 0x196
                    0x0196                  _OC4CON = 0x196
                    0x0196                  _OC4CONbits = 0x196
                    0x0198                  OC5RS = 0x198
                    0x0198                  _OC5RS = 0x198
                    0x019a                  OC5R = 0x19a
                    0x019a                  _OC5R = 0x19a
                    0x019c                  OC5CON = 0x19c
                    0x019c                  _OC5CON = 0x19c
                    0x019c                  _OC5CONbits = 0x19c
                    0x0200                  I2C1RCV = 0x200
                    0x0200                  _I2C1RCV = 0x200
                    0x0202                  I2C1TRN = 0x202
                    0x0202                  _I2C1TRN = 0x202
                    0x0204                  I2C1BRG = 0x204
                    0x0204                  _I2C1BRG = 0x204
                    0x0206                  I2C1CON = 0x206
                    0x0206                  _I2C1CON = 0x206
                    0x0206                  _I2C1CONbits = 0x206
                    0x0208                  I2C1STAT = 0x208
                    0x0208                  _I2C1STAT = 0x208
                    0x0208                  _I2C1STATbits = 0x208
                    0x020a                  I2C1ADD = 0x20a
                    0x020a                  _I2C1ADD = 0x20a
                    0x020c                  I2C1MSK = 0x20c
                    0x020c                  _I2C1MSK = 0x20c
                    0x0210                  I2C2RCV = 0x210
                    0x0210                  _I2C2RCV = 0x210
                    0x0212                  I2C2TRN = 0x212
                    0x0212                  _I2C2TRN = 0x212
                    0x0214                  I2C2BRG = 0x214
                    0x0214                  _I2C2BRG = 0x214
                    0x0216                  I2C2CON = 0x216
                    0x0216                  _I2C2CON = 0x216
                    0x0216                  _I2C2CONbits = 0x216
                    0x0218                  I2C2STAT = 0x218
                    0x0218                  _I2C2STAT = 0x218
                    0x0218                  _I2C2STATbits = 0x218
                    0x021a                  I2C2ADD = 0x21a
                    0x021a                  _I2C2ADD = 0x21a
                    0x021c                  I2C2MSK = 0x21c
                    0x021c                  _I2C2MSK = 0x21c
                    0x0220                  U1MODE = 0x220
                    0x0220                  _U1MODE = 0x220
                    0x0220                  _U1MODEbits = 0x220
                    0x0222                  U1STA = 0x222
                    0x0222                  _U1STA = 0x222
                    0x0222                  _U1STAbits = 0x222
                    0x0224                  U1TXREG = 0x224
                    0x0224                  _U1TXREG = 0x224
                    0x0226                  U1RXREG = 0x226
                    0x0226                  _U1RXREG = 0x226
                    0x0228                  U1BRG = 0x228
                    0x0228                  _U1BRG = 0x228
                    0x0230                  U2MODE = 0x230
                    0x0230                  _U2MODE = 0x230
                    0x0230                  _U2MODEbits = 0x230
                    0x0232                  U2STA = 0x232
                    0x0232                  _U2STA = 0x232
                    0x0232                  _U2STAbits = 0x232
                    0x0234                  U2TXREG = 0x234
                    0x0234                  _U2TXREG = 0x234
                    0x0236                  U2RXREG = 0x236
                    0x0236                  _U2RXREG = 0x236
                    0x0238                  U2BRG = 0x238
                    0x0238                  _U2BRG = 0x238
                    0x0240                  SPI1STAT = 0x240
                    0x0240                  _SPI1STAT = 0x240
                    0x0240                  _SPI1STATbits = 0x240
                    0x0242                  SPI1CON1 = 0x242
                    0x0242                  _SPI1CON1 = 0x242
                    0x0242                  _SPI1CON1bits = 0x242
                    0x0244                  SPI1CON2 = 0x244
                    0x0244                  _SPI1CON2 = 0x244
                    0x0244                  _SPI1CON2bits = 0x244
                    0x0248                  SPI1BUF = 0x248
                    0x0248                  _SPI1BUF = 0x248
                    0x0260                  SPI2STAT = 0x260
                    0x0260                  _SPI2STAT = 0x260
                    0x0260                  _SPI2STATbits = 0x260
                    0x0262                  SPI2CON1 = 0x262
                    0x0262                  _SPI2CON1 = 0x262
                    0x0262                  _SPI2CON1bits = 0x262
                    0x0264                  SPI2CON2 = 0x264
                    0x0264                  _SPI2CON2 = 0x264
                    0x0264                  _SPI2CON2bits = 0x264
                    0x0268                  SPI2BUF = 0x268
                    0x0268                  _SPI2BUF = 0x268
                    0x02c0                  TRISA = 0x2c0
                    0x02c0                  _TRISA = 0x2c0
                    0x02c0                  _TRISAbits = 0x2c0
                    0x02c2                  PORTA = 0x2c2
                    0x02c2                  _PORTA = 0x2c2
                    0x02c2                  _PORTAbits = 0x2c2
                    0x02c4                  LATA = 0x2c4
                    0x02c4                  _LATA = 0x2c4
                    0x02c4                  _LATAbits = 0x2c4
                    0x02c6                  TRISB = 0x2c6
                    0x02c6                  _TRISB = 0x2c6
                    0x02c6                  _TRISBbits = 0x2c6
                    0x02c8                  PORTB = 0x2c8
                    0x02c8                  _PORTB = 0x2c8
                    0x02c8                  _PORTBbits = 0x2c8
                    0x02ca                  LATB = 0x2ca
                    0x02ca                  _LATB = 0x2ca
                    0x02ca                  _LATBbits = 0x2ca
                    0x02cc                  TRISC = 0x2cc
                    0x02cc                  _TRISC = 0x2cc
                    0x02cc                  _TRISCbits = 0x2cc
                    0x02ce                  PORTC = 0x2ce
                    0x02ce                  _PORTC = 0x2ce
                    0x02ce                  _PORTCbits = 0x2ce
                    0x02d0                  LATC = 0x2d0
                    0x02d0                  _LATC = 0x2d0
                    0x02d0                  _LATCbits = 0x2d0
                    0x02d2                  TRISD = 0x2d2
                    0x02d2                  _TRISD = 0x2d2
                    0x02d2                  _TRISDbits = 0x2d2
                    0x02d4                  PORTD = 0x2d4
                    0x02d4                  _PORTD = 0x2d4
                    0x02d4                  _PORTDbits = 0x2d4
                    0x02d6                  LATD = 0x2d6
                    0x02d6                  _LATD = 0x2d6
                    0x02d6                  _LATDbits = 0x2d6
                    0x02d8                  TRISE = 0x2d8
                    0x02d8                  _TRISE = 0x2d8
                    0x02d8                  _TRISEbits = 0x2d8
                    0x02da                  PORTE = 0x2da
                    0x02da                  _PORTE = 0x2da
                    0x02da                  _PORTEbits = 0x2da
                    0x02dc                  LATE = 0x2dc
                    0x02dc                  _LATE = 0x2dc
                    0x02dc                  _LATEbits = 0x2dc
                    0x02de                  TRISF = 0x2de
                    0x02de                  _TRISF = 0x2de
                    0x02de                  _TRISFbits = 0x2de
                    0x02e0                  PORTF = 0x2e0
                    0x02e0                  _PORTF = 0x2e0
                    0x02e0                  _PORTFbits = 0x2e0
                    0x02e2                  LATF = 0x2e2
                    0x02e2                  _LATF = 0x2e2
                    0x02e2                  _LATFbits = 0x2e2
                    0x02e4                  TRISG = 0x2e4
                    0x02e4                  _TRISG = 0x2e4
                    0x02e4                  _TRISGbits = 0x2e4
                    0x02e6                  PORTG = 0x2e6
                    0x02e6                  _PORTG = 0x2e6
                    0x02e6                  _PORTGbits = 0x2e6
                    0x02e8                  LATG = 0x2e8
                    0x02e8                  _LATG = 0x2e8
                    0x02e8                  _LATGbits = 0x2e8
                    0x02fc                  PADCFG1 = 0x2fc
                    0x02fc                  _PADCFG1 = 0x2fc
                    0x02fc                  _PADCFG1bits = 0x2fc
                    0x0300                  ADC1BUF0 = 0x300
                    0x0300                  _ADC1BUF0 = 0x300
                    0x0302                  ADC1BUF1 = 0x302
                    0x0302                  _ADC1BUF1 = 0x302
                    0x0304                  ADC1BUF2 = 0x304
                    0x0304                  _ADC1BUF2 = 0x304
                    0x0306                  ADC1BUF3 = 0x306
                    0x0306                  _ADC1BUF3 = 0x306
                    0x0308                  ADC1BUF4 = 0x308
                    0x0308                  _ADC1BUF4 = 0x308
                    0x030a                  ADC1BUF5 = 0x30a
                    0x030a                  _ADC1BUF5 = 0x30a
                    0x030c                  ADC1BUF6 = 0x30c
                    0x030c                  _ADC1BUF6 = 0x30c
                    0x030e                  ADC1BUF7 = 0x30e
                    0x030e                  _ADC1BUF7 = 0x30e
                    0x0310                  ADC1BUF8 = 0x310
                    0x0310                  _ADC1BUF8 = 0x310
                    0x0312                  ADC1BUF9 = 0x312
                    0x0312                  _ADC1BUF9 = 0x312
                    0x0314                  ADC1BUFA = 0x314
                    0x0314                  _ADC1BUFA = 0x314
                    0x0316                  ADC1BUFB = 0x316
                    0x0316                  _ADC1BUFB = 0x316
                    0x0318                  ADC1BUFC = 0x318
                    0x0318                  _ADC1BUFC = 0x318
                    0x031a                  ADC1BUFD = 0x31a
                    0x031a                  _ADC1BUFD = 0x31a
                    0x031c                  ADC1BUFE = 0x31c
                    0x031c                  _ADC1BUFE = 0x31c
                    0x031e                  ADC1BUFF = 0x31e
                    0x031e                  _ADC1BUFF = 0x31e
                    0x0320                  AD1CON1 = 0x320
                    0x0320                  _AD1CON1 = 0x320
                    0x0320                  _AD1CON1bits = 0x320
                    0x0322                  AD1CON2 = 0x322
                    0x0322                  _AD1CON2 = 0x322
                    0x0322                  _AD1CON2bits = 0x322
                    0x0324                  AD1CON3 = 0x324
                    0x0324                  _AD1CON3 = 0x324
                    0x0324                  _AD1CON3bits = 0x324
                    0x0328                  AD1CHS = 0x328
                    0x0328                  _AD1CHS = 0x328
                    0x0328                  _AD1CHSbits = 0x328
                    0x032c                  AD1PCFG = 0x32c
                    0x032c                  _AD1PCFG = 0x32c
                    0x032c                  _AD1PCFGbits = 0x32c
                    0x0330                  AD1CSSL = 0x330
                    0x0330                  _AD1CSSL = 0x330
                    0x0330                  _AD1CSSLbits = 0x330
                    0x0600                  PMCON = 0x600
                    0x0600                  _PMCON = 0x600
                    0x0600                  _PMCONbits = 0x600
                    0x0602                  PMMODE = 0x602
                    0x0602                  _PMMODE = 0x602
                    0x0602                  _PMMODEbits = 0x602
                    0x0604                  PMADDR = 0x604
                    0x0604                  _PMADDR = 0x604
                    0x0604                  _PMADDRbits = 0x604
                    0x0604                  PMDOUT1 = 0x604
                    0x0604                  _PMDOUT1 = 0x604
                    0x0606                  PMDOUT2 = 0x606
                    0x0606                  _PMDOUT2 = 0x606
                    0x0608                  PMDIN1 = 0x608
                    0x0608                  _PMDIN1 = 0x608
                    0x060a                  PMDIN2 = 0x60a
                    0x060a                  _PMDIN2 = 0x60a
                    0x060c                  PMAEN = 0x60c
                    0x060c                  _PMAEN = 0x60c
                    0x060c                  _PMAENbits = 0x60c
                    0x060e                  PMSTAT = 0x60e
                    0x060e                  _PMSTAT = 0x60e
                    0x060e                  _PMSTATbits = 0x60e
                    0x0620                  ALRMVAL = 0x620
                    0x0620                  _ALRMVAL = 0x620
                    0x0622                  ALCFGRPT = 0x622
                    0x0622                  _ALCFGRPT = 0x622
                    0x0622                  _ALCFGRPTbits = 0x622
                    0x0624                  RTCVAL = 0x624
                    0x0624                  _RTCVAL = 0x624
                    0x0626                  RCFGCAL = 0x626
                    0x0626                  _RCFGCAL = 0x626
                    0x0626                  _RCFGCALbits = 0x626
                    0x0630                  CMCON = 0x630
                    0x0630                  _CMCON = 0x630
                    0x0630                  _CMCONbits = 0x630
                    0x0632                  CVRCON = 0x632
                    0x0632                  _CVRCON = 0x632
                    0x0632                  _CVRCONbits = 0x632
                    0x0640                  CRCCON = 0x640
                    0x0640                  _CRCCON = 0x640
                    0x0640                  _CRCCONbits = 0x640
                    0x0642                  CRCXOR = 0x642
                    0x0642                  _CRCXOR = 0x642
                    0x0642                  _CRCXORbits = 0x642
                    0x0644                  CRCDAT = 0x644
                    0x0644                  _CRCDAT = 0x644
                    0x0646                  CRCWDAT = 0x646
                    0x0646                  _CRCWDAT = 0x646
                    0x06c0                  ODCA = 0x6c0
                    0x06c0                  _ODCA = 0x6c0
                    0x06c0                  _ODCAbits = 0x6c0
                    0x06c6                  ODCB = 0x6c6
                    0x06c6                  _ODCB = 0x6c6
                    0x06c6                  _ODCBbits = 0x6c6
                    0x06cc                  ODCC = 0x6cc
                    0x06cc                  _ODCC = 0x6cc
                    0x06cc                  _ODCCbits = 0x6cc
                    0x06d2                  ODCD = 0x6d2
                    0x06d2                  _ODCD = 0x6d2
                    0x06d2                  _ODCDbits = 0x6d2
                    0x06d8                  ODCE = 0x6d8
                    0x06d8                  _ODCE = 0x6d8
                    0x06d8                  _ODCEbits = 0x6d8
                    0x06de                  ODCF = 0x6de
                    0x06de                  _ODCF = 0x6de
                    0x06de                  _ODCFbits = 0x6de
                    0x06e4                  ODCG = 0x6e4
                    0x06e4                  _ODCG = 0x6e4
                    0x06e4                  _ODCGbits = 0x6e4
                    0x0740                  RCON = 0x740
                    0x0740                  _RCON = 0x740
                    0x0740                  _RCONbits = 0x740
                    0x0742                  OSCCON = 0x742
                    0x0742                  _OSCCON = 0x742
                    0x0742                  _OSCCONbits = 0x742
                    0x0742                  OSCCONL = 0x742
                    0x0742                  _OSCCONL = 0x742
                    0x0743                  OSCCONH = 0x743
                    0x0743                  _OSCCONH = 0x743
                    0x0744                  CLKDIV = 0x744
                    0x0744                  _CLKDIV = 0x744
                    0x0744                  _CLKDIVbits = 0x744
                    0x0748                  OSCTUN = 0x748
                    0x0748                  _OSCTUN = 0x748
                    0x0748                  _OSCTUNbits = 0x748
                    0x0760                  NVMCON = 0x760
                    0x0760                  _NVMCON = 0x760
                    0x0760                  _NVMCONbits = 0x760
                    0x0766                  NVMKEY = 0x766
                    0x0766                  _NVMKEY = 0x766
                    0x0770                  PMD1 = 0x770
                    0x0770                  _PMD1 = 0x770
                    0x0770                  _PMD1bits = 0x770
                    0x0772                  PMD2 = 0x772
                    0x0772                  _PMD2 = 0x772
                    0x0772                  _PMD2bits = 0x772
                    0x0774                  PMD3 = 0x774
                    0x0774                  _PMD3 = 0x774
                    0x0774                  _PMD3bits = 0x774
                    0x0140                  IC1 = 0x140
                    0x0140                  _IC1 = 0x140
                    0x0144                  IC2 = 0x144
                    0x0144                  _IC2 = 0x144
                    0x0148                  IC3 = 0x148
                    0x0148                  _IC3 = 0x148
                    0x014c                  IC4 = 0x14c
                    0x014c                  _IC4 = 0x14c
                    0x0150                  IC5 = 0x150
                    0x0150                  _IC5 = 0x150
                    0x0180                  OC1 = 0x180
                    0x0180                  _OC1 = 0x180
                    0x0186                  OC2 = 0x186
                    0x0186                  _OC2 = 0x186
                    0x018c                  OC3 = 0x18c
                    0x018c                  _OC3 = 0x18c
                    0x0192                  OC4 = 0x192
                    0x0192                  _OC4 = 0x192
                    0x0198                  OC5 = 0x198
                    0x0198                  _OC5 = 0x198
                    0x0240                  SPI1 = 0x240
                    0x0240                  _SPI1 = 0x240
                    0x0260                  SPI2 = 0x260
                    0x0260                  _SPI2 = 0x260
                    0x0220                  UART1 = 0x220
                    0x0220                  _UART1 = 0x220
                    0x0230                  UART2 = 0x230
                    0x0230                  _UART2 = 0x230
START GROUP
LOAD c:/program files/microchip/xc16/v2.10/bin/bin/../../lib\libc99-pic30-elf.a
LOAD c:/program files/microchip/xc16/v2.10/bin/bin/../../lib\libm-elf.a
LOAD c:/program files/microchip/xc16/v2.10/bin/bin/../../lib\libc99-elf.a
END GROUP
OUTPUT(dist/default/production/PicTime.X.production.elf elf32-pic30)
LOAD jump_table
LOAD default_isr
LOAD data_init

.debug_pubtypes
                  0x0002e0        0x293
 .debug_pubtypes
                  0x0002e0        0x122 build/default/production/main.o
 .debug_pubtypes
                  0x000402         0x65 build/default/production/adc.o
 .debug_pubtypes
                  0x000467         0x97 build/default/production/lcd.o
 .debug_pubtypes
                  0x0004fe         0x75 build/default/production/rtcc.o

__c30_signature
                  0x000573        0x1da
 __c30_signature
                  0x000573          0x6 build/default/production/main.o
 __c30_signature
                  0x000579          0x6 build/default/production/adc.o
 __c30_signature
                  0x00057f          0x6 build/default/production/lcd.o
 __c30_signature
                  0x000585          0x6 build/default/production/rtcc.o
 __c30_signature
                  0x00058b          0x6 build/default/production/menu.o
 __c30_signature
                  0x000591          0x6 c:/program files/microchip/xc16/v2.10/bin/bin/../../lib\libc99-pic30-elf.a(crt0_standard.o)
 __c30_signature
                  0x000597          0x6 c:/program files/microchip/xc16/v2.10/bin/bin/../../lib\libc99-pic30-elf.a(data_init_standard.o)
 __c30_signature
                  0x00059d          0x6 c:/program files/microchip/xc16/v2.10/bin/bin/../../lib\libc99-pic30-elf.a(delay32.Meo)
 __c30_signature
                  0x0005a3          0x6 c:/program files/microchip/xc16/v2.10/bin/bin/../../lib\libc99-elf.a(atoi.XX_o)
 __c30_signature
                  0x0005a9          0x6 c:/program files/microchip/xc16/v2.10/bin/bin/../../lib\libc99-elf.a(localtime.XX_o)
 __c30_signature
                  0x0005af          0x6 c:/program files/microchip/xc16/v2.10/bin/bin/../../lib\libc99-elf.a(memcpy.XX_o)
 __c30_signature
                  0x0005b5          0x6 c:/program files/microchip/xc16/v2.10/bin/bin/../../lib\libc99-elf.a(mktime.XX_o)
 __c30_signature
                  0x0005bb          0x6 c:/program files/microchip/xc16/v2.10/bin/bin/../../lib\libc99-elf.a(sprintf.XX_o)
 __c30_signature
                  0x0005c1          0x6 c:/program files/microchip/xc16/v2.10/bin/bin/../../lib\libc99-elf.a(strftime.XX_o)
 __c30_signature
                  0x0005c7          0x6 c:/program files/microchip/xc16/v2.10/bin/bin/../../lib\libc99-elf.a(strlen.XX_o)
 __c30_signature
                  0x0005cd          0x6 c:/program files/microchip/xc16/v2.10/bin/bin/../../lib\libc99-elf.a(strtol.XX_o)
 __c30_signature
                  0x0005d3          0x6 c:/program files/microchip/xc16/v2.10/bin/bin/../../lib\libc99-elf.a(vsprintf.XX_o)
 __c30_signature
                  0x0005d9          0x6 c:/program files/microchip/xc16/v2.10/bin/bin/../../lib\libc99-elf.a(__errno_location.XX_o)
 __c30_signature
                  0x0005df          0x6 c:/program files/microchip/xc16/v2.10/bin/bin/../../lib\libc99-elf.a(__secs_to_tm.XX_o)
 __c30_signature
                  0x0005e5          0x6 c:/program files/microchip/xc16/v2.10/bin/bin/../../lib\libc99-elf.a(__tm_to_secs.XX_o)
 __c30_signature
                  0x0005eb          0x6 c:/program files/microchip/xc16/v2.10/bin/bin/../../lib\libc99-elf.a(__tz.XX_o)
 __c30_signature
                  0x0005f1          0x6 c:/program files/microchip/xc16/v2.10/bin/bin/../../lib\libc99-elf.a(__year_to_secs.XX_o)
 __c30_signature
                  0x0005f7          0x6 c:/program files/microchip/xc16/v2.10/bin/bin/../../lib\libc99-elf.a(abs.XX_o)
 __c30_signature
                  0x0005fd          0x6 c:/program files/microchip/xc16/v2.10/bin/bin/../../lib\libc99-elf.a(c_locale.XX_o)
 __c30_signature
                  0x000603          0x6 c:/program files/microchip/xc16/v2.10/bin/bin/../../lib\libc99-elf.a(gmtime_r.XX_o)
 __c30_signature
                  0x000609          0x6 c:/program files/microchip/xc16/v2.10/bin/bin/../../lib\libc99-elf.a(intscan.XX_o)
 __c30_signature
                  0x00060f          0x6 c:/program files/microchip/xc16/v2.10/bin/bin/../../lib\libc99-elf.a(langinfo.XX_o)
 __c30_signature
                  0x000615          0x6 c:/program files/microchip/xc16/v2.10/bin/bin/../../lib\libc99-elf.a(lite_malloc.XX_o)
 __c30_signature
                  0x00061b          0x6 c:/program files/microchip/xc16/v2.10/bin/bin/../../lib\libc99-elf.a(shgetc.XX_o)
 __c30_signature
                  0x000621          0x6 c:/program files/microchip/xc16/v2.10/bin/bin/../../lib\libc99-elf.a(snprintf.XX_o)
 __c30_signature
                  0x000627          0x6 c:/program files/microchip/xc16/v2.10/bin/bin/../../lib\libc99-elf.a(vsnprintf.XX_o)
 __c30_signature
                  0x00062d          0x6 c:/program files/microchip/xc16/v2.10/bin/bin/../../lib\libc99-elf.a(__month_to_secs.XX_o)
 __c30_signature
                  0x000633          0x6 c:/program files/microchip/xc16/v2.10/bin/bin/../../lib\libc99-elf.a(__uflow.XX_o)
 __c30_signature
                  0x000639          0x6 c:/program files/microchip/xc16/v2.10/bin/bin/../../lib\libc99-elf.a(expand_heap.XX_o)
 __c30_signature
                  0x00063f          0x6 c:/program files/microchip/xc16/v2.10/bin/bin/../../lib\libc99-elf.a(vfprintf.XX_o)
 __c30_signature
                  0x000645          0x6 c:/program files/microchip/xc16/v2.10/bin/bin/../../lib\libc99-elf.a(__io_fmt_needed.XX_o)
 __c30_signature
                  0x00064b          0x6 c:/program files/microchip/xc16/v2.10/bin/bin/../../lib\libc99-elf.a(__pop_float.XX_o)
 __c30_signature
                  0x000651          0x6 c:/program files/microchip/xc16/v2.10/bin/bin/../../lib\libc99-elf.a(__pop_int.XX_o)
 __c30_signature
                  0x000657          0x6 c:/program files/microchip/xc16/v2.10/bin/bin/../../lib\libc99-elf.a(__pop_ptr.XX_o)
 __c30_signature
                  0x00065d          0x6 c:/program files/microchip/xc16/v2.10/bin/bin/../../lib\libc99-elf.a(__printf_core.XX_o)
 __c30_signature
                  0x000663          0x6 c:/program files/microchip/xc16/v2.10/bin/bin/../../lib\libc99-elf.a(__toread.XX_o)
 __c30_signature
                  0x000669          0x6 c:/program files/microchip/xc16/v2.10/bin/bin/../../lib\libc99-elf.a(memset.XX_o)
 __c30_signature
                  0x00066f          0x6 c:/program files/microchip/xc16/v2.10/bin/bin/../../lib\libc99-elf.a(tolower.XX_o)
 __c30_signature
                  0x000675          0x6 c:/program files/microchip/xc16/v2.10/bin/bin/../../lib\libc99-elf.a(__fmt_a.XX_o)
 __c30_signature
                  0x00067b          0x6 c:/program files/microchip/xc16/v2.10/bin/bin/../../lib\libc99-elf.a(__fmt_d.XX_o)
 __c30_signature
                  0x000681          0x6 c:/program files/microchip/xc16/v2.10/bin/bin/../../lib\libc99-elf.a(__fmt_fp.XX_o)
 __c30_signature
                  0x000687          0x6 c:/program files/microchip/xc16/v2.10/bin/bin/../../lib\libc99-elf.a(__fmt_o.XX_o)
 __c30_signature
                  0x00068d          0x6 c:/program files/microchip/xc16/v2.10/bin/bin/../../lib\libc99-elf.a(__fmt_s.XX_o)
 __c30_signature
                  0x000693          0x6 c:/program files/microchip/xc16/v2.10/bin/bin/../../lib\libc99-elf.a(__fmt_u.XX_o)
 __c30_signature
                  0x000699          0x6 c:/program files/microchip/xc16/v2.10/bin/bin/../../lib\libc99-elf.a(__fmt_x.XX_o)
 __c30_signature
                  0x00069f          0x6 c:/program files/microchip/xc16/v2.10/bin/bin/../../lib\libc99-elf.a(__stdio_exit.XX_o)
 __c30_signature
                  0x0006a5          0x6 c:/program files/microchip/xc16/v2.10/bin/bin/../../lib\libc99-elf.a(strcpy.XX_o)
 __c30_signature
                  0x0006ab          0x6 c:/program files/microchip/xc16/v2.10/bin/bin/../../lib\libc99-elf.a(toupper.XX_o)
 __c30_signature
                  0x0006b1          0x6 c:/program files/microchip/xc16/v2.10/bin/bin/../../lib\libc99-elf.a(stpcpy.XX_o)
 __c30_signature
                  0x0006b7          0x6 c:/program files/microchip/xc16/v2.10/bin/bin/../../lib\libc99-pic30-elf.a(sbrk.Meo)
 __c30_signature
                  0x0006bd          0x6 c:/program files/microchip/xc16/v2.10/bin/bin/../../lib\libc99-pic30-elf.a(deqltle.XX_o)
 __c30_signature
                  0x0006c3          0x6 c:/program files/microchip/xc16/v2.10/bin/bin/../../lib\libc99-pic30-elf.a(dgtge.XX_o)
 __c30_signature
                  0x0006c9          0x6 c:/program files/microchip/xc16/v2.10/bin/bin/../../lib\libc99-pic30-elf.a(divsi3.XX_o)
 __c30_signature
                  0x0006cf          0x6 c:/program files/microchip/xc16/v2.10/bin/bin/../../lib\libc99-pic30-elf.a(extendsfdf.XX_o)
 __c30_signature
                  0x0006d5          0x6 c:/program files/microchip/xc16/v2.10/bin/bin/../../lib\libc99-pic30-elf.a(fixdfsi.XX_o)
 __c30_signature
                  0x0006db          0x6 c:/program files/microchip/xc16/v2.10/bin/bin/../../lib\libc99-pic30-elf.a(funpack.XX_o)
 __c30_signature
                  0x0006e1          0x6 c:/program files/microchip/xc16/v2.10/bin/bin/../../lib\libc99-pic30-elf.a(modsi3.XX_o)
 __c30_signature
                  0x0006e7          0x6 c:/program files/microchip/xc16/v2.10/bin/bin/../../lib\libc99-pic30-elf.a(udivsi3.XX_o)
 __c30_signature
                  0x0006ed          0x6 c:/program files/microchip/xc16/v2.10/bin/bin/../../lib\libc99-pic30-elf.a(umodsi3.XX_o)
 __c30_signature
                  0x0006f3          0x6 c:/program files/microchip/xc16/v2.10/bin/bin/../../lib\libc99-pic30-elf.a(mulsi3.XX_o)
 __c30_signature
                  0x0006f9          0x6 c:/program files/microchip/xc16/v2.10/bin/bin/../../lib\libc99-pic30-elf.a(dpadd.XX_o)
 __c30_signature
                  0x0006ff          0x6 c:/program files/microchip/xc16/v2.10/bin/bin/../../lib\libc99-pic30-elf.a(dpdiv.XX_o)
 __c30_signature
                  0x000705          0x6 c:/program files/microchip/xc16/v2.10/bin/bin/../../lib\libc99-pic30-elf.a(dpmul.XX_o)
 __c30_signature
                  0x00070b          0x6 c:/program files/microchip/xc16/v2.10/bin/bin/../../lib\libc99-pic30-elf.a(dpsubs.XX_o)
 __c30_signature
                  0x000711          0x6 c:/program files/microchip/xc16/v2.10/bin/bin/../../lib\libc99-pic30-elf.a(divmoddi3.XX_o)
 __c30_signature
                  0x000717          0x6 c:/program files/microchip/xc16/v2.10/bin/bin/../../lib\libc99-pic30-elf.a(muldi3.XX_o)
 __c30_signature
                  0x00071d          0x6 c:/program files/microchip/xc16/v2.10/bin/bin/../../lib\libc99-pic30-elf.a(brk.Meo)
 __c30_signature
                  0x000723          0x6 c:/program files/microchip/xc16/v2.10/bin/bin/../../lib\libc99-pic30-elf.a(dcompare.XX_o)
 __c30_signature
                  0x000729          0x6 c:/program files/microchip/xc16/v2.10/bin/bin/../../lib\libc99-pic30-elf.a(dtype.XX_o)
 __c30_signature
                  0x00072f          0x6 c:/program files/microchip/xc16/v2.10/bin/bin/../../lib\libc99-pic30-elf.a(dunpack.XX_o)
 __c30_signature
                  0x000735          0x6 c:/program files/microchip/xc16/v2.10/bin/bin/../../lib\libc99-pic30-elf.a(dunpack2.XX_o)
 __c30_signature
                  0x00073b          0x6 c:/program files/microchip/xc16/v2.10/bin/bin/../../lib\libc99-pic30-elf.a(umuldi3.XX_o)
 __c30_signature
                  0x000741          0x6 c:/program files/microchip/xc16/v2.10/bin/bin/../../lib\libc99-pic30-elf.a(dpropagateNaN.XX_o)
 __c30_signature
                  0x000747          0x6 c:/program files/microchip/xc16/v2.10/bin/bin/../../lib\libm-elf.a(floorl.XX_o)

__xc_reference_data

.data               0x0800        0x2aa
 .data              0x0800        0x15a c:/program files/microchip/xc16/v2.10/bin/bin/../../lib\libc99-elf.a(langinfo.XX_o)
 .data              0x095a        0x10a c:/program files/microchip/xc16/v2.10/bin/bin/../../lib\libc99-elf.a(intscan.XX_o)
 .data              0x0a64         0x46 c:/program files/microchip/xc16/v2.10/bin/bin/../../lib\libc99-elf.a(strftime.XX_o)

.bss                0x0aaa         0x34
 .bss               0x0aaa         0x34 c:/program files/microchip/xc16/v2.10/bin/bin/../../lib\libc99-elf.a(__tz.XX_o)
                    0x0aaa                  ___timezone
                    0x0aaa                  _timezone
                    0x0aae                  ___daylight
                    0x0aae                  _daylight
                    0x0ab0                  ___tzname
                    0x0ab0                  _tzname

.data               0x0ade         0x4e
 .data              0x0ade         0x30 c:/program files/microchip/xc16/v2.10/bin/bin/../../lib\libc99-elf.a(__month_to_secs.XX_o)
 .data              0x0b0e         0x1e c:/program files/microchip/xc16/v2.10/bin/bin/../../lib\libc99-elf.a(__printf_core.XX_o)

.bss                0x0b2c         0x18
 .bss               0x0b2c         0x18 c:/program files/microchip/xc16/v2.10/bin/bin/../../lib\libc99-elf.a(localtime.XX_o)

.data               0x0b44         0x58
 .data              0x0b44         0x10 c:/program files/microchip/xc16/v2.10/bin/bin/../../lib\libc99-elf.a(__fmt_a.XX_o)
 .data              0x0b54         0x10 c:/program files/microchip/xc16/v2.10/bin/bin/../../lib\libc99-elf.a(__fmt_fp.XX_o)
 .data              0x0b64          0xe build/default/production/rtcc.o
 .data              0x0b72          0xe c:/program files/microchip/xc16/v2.10/bin/bin/../../lib\libc99-elf.a(c_locale.XX_o)
                    0x0b72                  ___c_locale
                    0x0b7e                  ___global_locale
 .data              0x0b80          0xc c:/program files/microchip/xc16/v2.10/bin/bin/../../lib\libc99-elf.a(__secs_to_tm.XX_o)
 .data              0x0b8c          0x8 c:/program files/microchip/xc16/v2.10/bin/bin/../../lib\libc99-elf.a(__tz.XX_o)
                    0x0b8c                  ___gmt
 .data              0x0b94          0x4 c:/program files/microchip/xc16/v2.10/bin/bin/../../lib\libc99-elf.a(mktime.XX_o)
 .data              0x0b98          0x4 c:/program files/microchip/xc16/v2.10/bin/bin/../../lib\libc99-elf.a(gmtime_r.XX_o)

.bss                0x0b9c          0xa
 .bss               0x0b9c          0x4 c:/program files/microchip/xc16/v2.10/bin/bin/../../lib\libc99-elf.a(lite_malloc.XX_o)
 .bss               0x0ba0          0x2 c:/program files/microchip/xc16/v2.10/bin/bin/../../lib\libc99-elf.a(__errno_location.XX_o)
                    0x0ba0                  ___errno_val
 .bss               0x0ba2          0x2 c:/program files/microchip/xc16/v2.10/bin/bin/../../lib\libc99-elf.a(__stdio_exit.XX_o)
                    0x0ba2                  ___stdin_used
                    0x0ba2                  ___stdout_used
                    0x0ba2                  ___stderr_used
 .bss               0x0ba4          0x2 c:/program files/microchip/xc16/v2.10/bin/bin/../../lib\libc99-pic30-elf.a(brk.Meo)
                    0x0ba4                  ___curbrk

.const              0xbb2e         0x84 load address 0x003b2e  
 .const             0xbb2e         0x6c build/default/production/main.o
 .const             0xbb9a         0x18 build/default/production/rtcc.o

.dinit            0x003bb2        0x2b4
 .dinit           0x003bb2        0x2b4 data_init

.text             0x003e66        0x5e0
 .text            0x003e66        0x256 build/default/production/main.o
                  0x003e66                  _led_init
                  0x003e6e                  _timer_init
                  0x003e82                  _init
                  0x003e90                  _main
 .text            0x0040bc        0x1d8 build/default/production/rtcc.o
                  0x0040fc                  _rtcc_init
                  0x00412a                  _rtcc_get_time
                  0x0041ba                  _rtcc_set_time
                  0x004252                  _rtcc_weekday_str
                  0x004266                  _rtcc_week_number
 .text            0x004294        0x16c build/default/production/lcd.o
                  0x004294                  _lcd_init
                  0x00430c                  _lcd_cmd
                  0x00434a                  _lcd_write_char
                  0x004378                  _lcd_home
                  0x004382                  _lcd_clear
                  0x00438c                  _lcd_write_at
 .text            0x004400         0x46 build/default/production/adc.o
                  0x004400                  _initAdc
                  0x004418                  _adc_sample
                  0x00442c                  _adc_set_channel

.init.delay32     0x004446         0x1c
 .init.delay32    0x004446         0x1c c:/program files/microchip/xc16/v2.10/bin/bin/../../lib\libc99-pic30-elf.a(delay32.Meo)
                  0x004446                  ___delay32
